ERROR: Server crashed
INFO: User logged in
WARN: Disk full
ERROR: Database timeout
